<html>
<body>
<pre>
<h1>µVision Build Log</h1>
<h2>Tool Versions:</h2>
IDE-Version: ¦ÌVision V5.32.0.0
Copyright (C) 2020 ARM Ltd and ARM Germany GmbH. All rights reserved.
License Information: jifa huang, raysees, LIC=4PP73-A9G4J-2AE7U-5M5V2-QL62Z-JTCWQ
 
Tool Versions:
Toolchain:       MDK-ARM Cortex-M0/M23 for Nuvoton  Version: 5.32.0.0
Toolchain Path:  C:\Keil_v5\ARM\ARMCC\Bin
C Compiler:      Armcc.exe V5.06 update 7 (build 960)
Assembler:       Armasm.exe V5.06 update 7 (build 960)
Linker/Locator:  ArmLink.exe V5.06 update 7 (build 960)
Library Manager: ArmAr.exe V5.06 update 7 (build 960)
Hex Converter:   FromElf.exe V5.06 update 7 (build 960)
CPU DLL:         SARMCM3.DLL V5.32.0.0
Dialog DLL:      DARMCM1.DLL V1.19.4.0
Target DLL:      Nu_Link.dll V3.01
Dialog DLL:      TARMCM1.DLL V1.14.3.0
 
<h2>Project:</h2>
C:\Nuvoton\BSP Library\M031_Series_BSP_CMSIS_V3.01.000\SampleCode\rk3399_i2c_SPI_Flash\KEIL\rk3399_i2c_SPI_Flash.uvprojx
Project File Date:  10/20/2020

<h2>Output:</h2>
*** Using Compiler 'V5.06 update 7 (build 960)', folder: 'C:\Keil_v5\ARM\ARMCC\Bin'
Rebuild target 'rk3399_i2c_SPI_Flash'
assembling startup_M031Series.s...
creating preprocessor file for clk.c...
creating preprocessor file for retarget.c...
creating preprocessor file for system_M031Series.c...
creating preprocessor file for uart.c...
creating preprocessor file for spi.c...
creating preprocessor file for gpio.c...
compiling retarget.c...
compiling system_M031Series.c...
compiling clk.c...
creating preprocessor file for i2c.c...
creating preprocessor file for main.c...
compiling uart.c...
compiling spi.c...
creating preprocessor file for i2c_transfer.c...
compiling gpio.c...
creating preprocessor file for spi_transfer.c...
compiling main.c...
compiling i2c.c...
compiling i2c_transfer.c...
compiling spi_transfer.c...
linking...
Program Size: Code=4628 RO-data=384 RW-data=36 ZI-data=1028  
After Build - User command #1: fromelf --bin ".\obj\rk3399_i2c_SPI_Flash.axf" --output ".\obj\rk3399_i2c_SPI_Flash.bin"
After Build - User command #2: fromelf --text -c ".\obj\rk3399_i2c_SPI_Flash.axf" --output ".\obj\rk3399_i2c_SPI_Flash.txt"
".\obj\rk3399_i2c_SPI_Flash.axf" - 0 Error(s), 0 Warning(s).

<h2>Software Packages used:</h2>

Package Vendor: ARM
                http://www.keil.com/pack/ARM.CMSIS.5.7.0.pack
                ARM.CMSIS.5.7.0
                CMSIS (Cortex Microcontroller Software Interface Standard)
   * Component: CORE Version: 5.4.0

Package Vendor: Nuvoton
                http://www.nuvoton.com/hq/enu/Documents/KEILSoftwarePack/Nuvoton.NuMicro_DFP.1.3.10.pack
                Nuvoton.NuMicro_DFP.1.3.10
                Nuvoton ARM Cortex-M NuMicro Family Device Support

<h2>Collection of Component include folders:</h2>
  .\RTE\_rk3399_i2c_SPI_Flash
  C:\Keil_v5\ARM\PACK\ARM\CMSIS\5.7.0\CMSIS\Core\Include
  C:\Keil_v5\ARM\PACK\Nuvoton\NuMicro_DFP\1.3.10\Device\M031\Include

<h2>Collection of Component Files used:</h2>

   * Component: ARM::CMSIS:CORE:5.4.0
Build Time Elapsed:  00:00:02
</pre>
</body>
</html>
