Component: ARM Compiler 5.06 update 7 (build 960) Tool: armlink [4d3601]

==============================================================================

Small function inlining results

Inlined total of 0 calls.

==============================================================================

Image Symbol Table

    Local Symbols

    Symbol Name                              Value     Ov Type        Size  Object(Section)

    RESET                                    0x00000000   Section      192  startup_m031series.o(RESET)
    ../clib/microlib/division.c              0x00000000   Number         0  uldiv.o ABSOLUTE
    ../clib/microlib/division.c              0x00000000   Number         0  uidiv.o ABSOLUTE
    ../clib/microlib/init/entry.s            0x00000000   Number         0  entry7b.o ABSOLUTE
    ../clib/microlib/init/entry.s            0x00000000   Number         0  entry8a.o ABSOLUTE
    ../clib/microlib/init/entry.s            0x00000000   Number         0  entry11a.o ABSOLUTE
    ../clib/microlib/init/entry.s            0x00000000   Number         0  entry11b.o ABSOLUTE
    ../clib/microlib/init/entry.s            0x00000000   Number         0  entry12a.o ABSOLUTE
    ../clib/microlib/init/entry.s            0x00000000   Number         0  entry12b.o ABSOLUTE
    ../clib/microlib/init/entry.s            0x00000000   Number         0  entry8b.o ABSOLUTE
    ../clib/microlib/init/entry.s            0x00000000   Number         0  entry2.o ABSOLUTE
    ../clib/microlib/init/entry.s            0x00000000   Number         0  entry9a.o ABSOLUTE
    ../clib/microlib/init/entry.s            0x00000000   Number         0  entry9b.o ABSOLUTE
    ../clib/microlib/init/entry.s            0x00000000   Number         0  entry10a.o ABSOLUTE
    ../clib/microlib/init/entry.s            0x00000000   Number         0  entry.o ABSOLUTE
    ../clib/microlib/init/entry.s            0x00000000   Number         0  entry10b.o ABSOLUTE
    ../clib/microlib/init/entry.s            0x00000000   Number         0  entry7a.o ABSOLUTE
    ../clib/microlib/init/entry.s            0x00000000   Number         0  entry5.o ABSOLUTE
    ../clib/microlib/longlong.c              0x00000000   Number         0  llsshr.o ABSOLUTE
    ../clib/microlib/longlong.c              0x00000000   Number         0  llshl.o ABSOLUTE
    ../clib/microlib/longlong.c              0x00000000   Number         0  llushr.o ABSOLUTE
    ../clib/microlib/printf/printf.c         0x00000000   Number         0  printf3.o ABSOLUTE
    ../clib/microlib/printf/printf.c         0x00000000   Number         0  printf2.o ABSOLUTE
    ../clib/microlib/printf/printf.c         0x00000000   Number         0  printf1.o ABSOLUTE
    ../clib/microlib/printf/printf.c         0x00000000   Number         0  printf0.o ABSOLUTE
    ../clib/microlib/printf/printf.c         0x00000000   Number         0  printfb.o ABSOLUTE
    ../clib/microlib/printf/printf.c         0x00000000   Number         0  printf7.o ABSOLUTE
    ../clib/microlib/printf/printf.c         0x00000000   Number         0  printf5.o ABSOLUTE
    ../clib/microlib/printf/printf.c         0x00000000   Number         0  printf4.o ABSOLUTE
    ../clib/microlib/printf/printf.c         0x00000000   Number         0  printf6.o ABSOLUTE
    ../clib/microlib/printf/printf.c         0x00000000   Number         0  printfa.o ABSOLUTE
    ../clib/microlib/printf/printf.c         0x00000000   Number         0  printf8.o ABSOLUTE
    ../clib/microlib/printf/stubs.s          0x00000000   Number         0  stubs.o ABSOLUTE
    ../clib/microlib/string/memcpy.c         0x00000000   Number         0  memcpya.o ABSOLUTE
    ../clib/microlib/string/memcpy.c         0x00000000   Number         0  memcpyb.o ABSOLUTE
    ../clib/microlib/stubs.s                 0x00000000   Number         0  iusefp.o ABSOLUTE
    ../fplib/microlib/fpadd.c                0x00000000   Number         0  dadd.o ABSOLUTE
    ../fplib/microlib/fpdiv.c                0x00000000   Number         0  ddiv.o ABSOLUTE
    ../fplib/microlib/fpepilogue.c           0x00000000   Number         0  depilogue.o ABSOLUTE
    ../fplib/microlib/fpfix.c                0x00000000   Number         0  dfixul.o ABSOLUTE
    ../fplib/microlib/fpmul.c                0x00000000   Number         0  dmul.o ABSOLUTE
    ..\..\..\..\Library\Device\Nuvoton\M031\Source\ARM\startup_M031Series.s 0x00000000   Number         0  startup_m031series.o ABSOLUTE
    ..\..\..\..\Library\Device\Nuvoton\M031\Source\system_M031Series.c 0x00000000   Number         0  system_m031series.o ABSOLUTE
    ..\..\..\..\Library\StdDriver\src\clk.c  0x00000000   Number         0  clk.o ABSOLUTE
    ..\..\..\..\Library\StdDriver\src\gpio.c 0x00000000   Number         0  gpio.o ABSOLUTE
    ..\..\..\..\Library\StdDriver\src\retarget.c 0x00000000   Number         0  retarget.o ABSOLUTE
    ..\..\..\..\Library\StdDriver\src\spi.c  0x00000000   Number         0  spi.o ABSOLUTE
    ..\..\..\..\Library\StdDriver\src\uart.c 0x00000000   Number         0  uart.o ABSOLUTE
    ..\\..\\..\\..\\Library\\Device\\Nuvoton\\M031\\Source\\system_M031Series.c 0x00000000   Number         0  system_m031series.o ABSOLUTE
    ..\\..\\..\\..\\Library\\StdDriver\\src\\clk.c 0x00000000   Number         0  clk.o ABSOLUTE
    ..\\..\\..\\..\\Library\\StdDriver\\src\\gpio.c 0x00000000   Number         0  gpio.o ABSOLUTE
    ..\\..\\..\\..\\Library\\StdDriver\\src\\retarget.c 0x00000000   Number         0  retarget.o ABSOLUTE
    ..\\..\\..\\..\\Library\\StdDriver\\src\\spi.c 0x00000000   Number         0  spi.o ABSOLUTE
    ..\\..\\..\\..\\Library\\StdDriver\\src\\uart.c 0x00000000   Number         0  uart.o ABSOLUTE
    ..\\main.c                               0x00000000   Number         0  main.o ABSOLUTE
    ..\main.c                                0x00000000   Number         0  main.o ABSOLUTE
    cdrcmple.s                               0x00000000   Number         0  cdrcmple.o ABSOLUTE
    handlers.s                               0x00000000   Number         0  handlers.o ABSOLUTE
    init.s                                   0x00000000   Number         0  init.o ABSOLUTE
    .ARM.Collect$$$$00000000                 0x000000c0   Section        0  entry.o(.ARM.Collect$$$$00000000)
    .ARM.Collect$$$$00000001                 0x000000c0   Section        4  entry2.o(.ARM.Collect$$$$00000001)
    .ARM.Collect$$$$00000004                 0x000000c4   Section        4  entry5.o(.ARM.Collect$$$$00000004)
    .ARM.Collect$$$$00000008                 0x000000c8   Section        0  entry7b.o(.ARM.Collect$$$$00000008)
    .ARM.Collect$$$$0000000A                 0x000000c8   Section        0  entry8b.o(.ARM.Collect$$$$0000000A)
    .ARM.Collect$$$$0000000B                 0x000000c8   Section        8  entry9a.o(.ARM.Collect$$$$0000000B)
    .ARM.Collect$$$$0000000E                 0x000000d0   Section        4  entry12b.o(.ARM.Collect$$$$0000000E)
    .ARM.Collect$$$$0000000F                 0x000000d4   Section        0  entry10a.o(.ARM.Collect$$$$0000000F)
    .ARM.Collect$$$$00000011                 0x000000d4   Section        0  entry11a.o(.ARM.Collect$$$$00000011)
    .ARM.Collect$$$$00002712                 0x000000d4   Section        4  entry2.o(.ARM.Collect$$$$00002712)
    __lit__00000000                          0x000000d4   Data           4  entry2.o(.ARM.Collect$$$$00002712)
    .emb_text                                0x000000d8   Section       28  retarget.o(.emb_text)
    .text                                    0x000000f4   Section       92  startup_m031series.o(.text)
    Default_Handler                          0x00000125   Thumb Code     2  startup_m031series.o(.text)
    .text                                    0x00000150   Section        0  uidiv.o(.text)
    .text                                    0x0000017c   Section        0  memcpya.o(.text)
    .text                                    0x000001a0   Section        0  uldiv.o(.text)
    .text                                    0x00000200   Section       36  init.o(.text)
    .text                                    0x00000224   Section        0  llshl.o(.text)
    .text                                    0x00000244   Section        0  llushr.o(.text)
    i.CLK_EnableModuleClock                  0x00000268   Section        0  clk.o(i.CLK_EnableModuleClock)
    i.CLK_EnableXtalRC                       0x00000298   Section        0  clk.o(i.CLK_EnableXtalRC)
    i.CLK_GetHCLKFreq                        0x000002a8   Section        0  spi.o(i.CLK_GetHCLKFreq)
    CLK_GetHCLKFreq                          0x000002a9   Thumb Code    70  spi.o(i.CLK_GetHCLKFreq)
    i.CLK_GetPCLK0Freq                       0x000002fc   Section        0  clk.o(i.CLK_GetPCLK0Freq)
    i.CLK_GetPCLK1Freq                       0x0000031c   Section        0  clk.o(i.CLK_GetPCLK1Freq)
    i.CLK_GetPLLClockFreq                    0x0000033c   Section        0  uart.o(i.CLK_GetPLLClockFreq)
    CLK_GetPLLClockFreq                      0x0000033d   Thumb Code    70  uart.o(i.CLK_GetPLLClockFreq)
    i.CLK_GetPLLClockFreq                    0x00000394   Section        0  spi.o(i.CLK_GetPLLClockFreq)
    CLK_GetPLLClockFreq                      0x00000395   Thumb Code    70  spi.o(i.CLK_GetPLLClockFreq)
    i.CLK_SetHCLK                            0x000003ec   Section        0  clk.o(i.CLK_SetHCLK)
    i.CLK_SetModuleClock                     0x0000043c   Section        0  clk.o(i.CLK_SetModuleClock)
    i.CLK_WaitClockReady                     0x000004ac   Section        0  clk.o(i.CLK_WaitClockReady)
    i.GPIO_SetMode                           0x000004d8   Section        0  gpio.o(i.GPIO_SetMode)
    i.Hard_Fault_Handler                     0x00000500   Section        0  retarget.o(i.Hard_Fault_Handler)
    __tagsym$$used                           0x00000501   Number         0  retarget.o(i.Hard_Fault_Handler)
    i.SPI0_Init                              0x00000528   Section        0  main.o(i.SPI0_Init)
    i.SPI_ClearRxFIFO                        0x00000564   Section        0  spi.o(i.SPI_ClearRxFIFO)
    i.SPI_DisableAutoSS                      0x00000570   Section        0  spi.o(i.SPI_DisableAutoSS)
    i.SPI_Open                               0x0000057c   Section        0  spi.o(i.SPI_Open)
    i.SYS_Init                               0x00000698   Section        0  main.o(i.SYS_Init)
    i.SendChar                               0x000006e4   Section        0  retarget.o(i.SendChar)
    SendChar                                 0x000006e5   Thumb Code    26  retarget.o(i.SendChar)
    i.SpiFlash_ChipErase                     0x00000704   Section        0  main.o(i.SpiFlash_ChipErase)
    i.SpiFlash_NormalPageProgram             0x00000750   Section        0  main.o(i.SpiFlash_NormalPageProgram)
    i.SpiFlash_NormalRead                    0x000007c0   Section        0  main.o(i.SpiFlash_NormalRead)
    i.SpiFlash_ReadMidDid                    0x00000820   Section        0  main.o(i.SpiFlash_ReadMidDid)
    i.SpiFlash_ReadStatusReg                 0x00000870   Section        0  main.o(i.SpiFlash_ReadStatusReg)
    i.SpiFlash_WaitReady                     0x000008a4   Section        0  main.o(i.SpiFlash_WaitReady)
    i.SystemCoreClockUpdate                  0x000008b4   Section        0  system_m031series.o(i.SystemCoreClockUpdate)
    i.SystemInit                             0x00000948   Section        0  system_m031series.o(i.SystemInit)
    i.UART0_Init                             0x00000980   Section        0  main.o(i.UART0_Init)
    i.UART_Open                              0x000009ac   Section        0  uart.o(i.UART_Open)
    i.__0printf$5                            0x00000a90   Section        0  printf5.o(i.__0printf$5)
    i.__scatterload_copy                     0x00000ab0   Section       14  handlers.o(i.__scatterload_copy)
    i.__scatterload_null                     0x00000abe   Section        2  handlers.o(i.__scatterload_null)
    i.__scatterload_zeroinit                 0x00000ac0   Section       14  handlers.o(i.__scatterload_zeroinit)
    i._printf_core                           0x00000ad0   Section        0  printf5.o(i._printf_core)
    _printf_core                             0x00000ad1   Thumb Code   680  printf5.o(i._printf_core)
    i.fputc                                  0x00000da4   Section        0  retarget.o(i.fputc)
    i.main                                   0x00000db0   Section        0  main.o(i.main)
    i.stackDump                              0x00000fb4   Section        0  retarget.o(i.stackDump)
    stackDump                                0x00000fb5   Thumb Code    70  retarget.o(i.stackDump)
    .constdata                               0x0000105c   Section       32  system_m031series.o(.constdata)
    .constdata                               0x0000107c   Section       56  clk.o(.constdata)
    .constdata                               0x000010b4   Section       72  uart.o(.constdata)
    .data                                    0x20000000   Section       12  system_m031series.o(.data)
    .data                                    0x2000000c   Section        4  retarget.o(.data)
    .bss                                     0x20000010   Section      512  main.o(.bss)
    STACK                                    0x20000210   Section      512  startup_m031series.o(STACK)

    Global Symbols

    Symbol Name                              Value     Ov Type        Size  Object(Section)

    BuildAttributes$$THM_ISAv3M$S$PE$A:L22$X:L11$S22$IEEE1$IW$USESV6$~STKCKD$USESV7$~SHL$OSPACE$ROPI$EBA8$MICROLIB$REQ8$PRES8$EABIv2 0x00000000   Number         0  anon$$obj.o ABSOLUTE
    __ARM_use_no_argv                        0x00000000   Number         0  main.o ABSOLUTE
    __Vectors                                0x00000000   Data           4  startup_m031series.o(RESET)
    _printf_a                                0x00000000   Number         0  stubs.o ABSOLUTE
    _printf_c                                0x00000000   Number         0  stubs.o ABSOLUTE
    _printf_charcount                        0x00000000   Number         0  stubs.o ABSOLUTE
    _printf_d                                0x00000000   Number         0  stubs.o ABSOLUTE
    _printf_e                                0x00000000   Number         0  stubs.o ABSOLUTE
    _printf_f                                0x00000000   Number         0  stubs.o ABSOLUTE
    _printf_flags                            0x00000000   Number         0  stubs.o ABSOLUTE
    _printf_fp_dec                           0x00000000   Number         0  stubs.o ABSOLUTE
    _printf_fp_hex                           0x00000000   Number         0  stubs.o ABSOLUTE
    _printf_g                                0x00000000   Number         0  stubs.o ABSOLUTE
    _printf_i                                0x00000000   Number         0  stubs.o ABSOLUTE
    _printf_int_dec                          0x00000000   Number         0  stubs.o ABSOLUTE
    _printf_l                                0x00000000   Number         0  stubs.o ABSOLUTE
    _printf_lc                               0x00000000   Number         0  stubs.o ABSOLUTE
    _printf_ll                               0x00000000   Number         0  stubs.o ABSOLUTE
    _printf_lld                              0x00000000   Number         0  stubs.o ABSOLUTE
    _printf_lli                              0x00000000   Number         0  stubs.o ABSOLUTE
    _printf_llo                              0x00000000   Number         0  stubs.o ABSOLUTE
    _printf_llu                              0x00000000   Number         0  stubs.o ABSOLUTE
    _printf_llx                              0x00000000   Number         0  stubs.o ABSOLUTE
    _printf_longlong_dec                     0x00000000   Number         0  stubs.o ABSOLUTE
    _printf_longlong_hex                     0x00000000   Number         0  stubs.o ABSOLUTE
    _printf_longlong_oct                     0x00000000   Number         0  stubs.o ABSOLUTE
    _printf_ls                               0x00000000   Number         0  stubs.o ABSOLUTE
    _printf_mbtowc                           0x00000000   Number         0  stubs.o ABSOLUTE
    _printf_n                                0x00000000   Number         0  stubs.o ABSOLUTE
    _printf_o                                0x00000000   Number         0  stubs.o ABSOLUTE
    _printf_p                                0x00000000   Number         0  stubs.o ABSOLUTE
    _printf_percent                          0x00000000   Number         0  stubs.o ABSOLUTE
    _printf_pre_padding                      0x00000000   Number         0  stubs.o ABSOLUTE
    _printf_return_value                     0x00000000   Number         0  stubs.o ABSOLUTE
    _printf_s                                0x00000000   Number         0  stubs.o ABSOLUTE
    _printf_sizespec                         0x00000000   Number         0  stubs.o ABSOLUTE
    _printf_str                              0x00000000   Number         0  stubs.o ABSOLUTE
    _printf_truncate_signed                  0x00000000   Number         0  stubs.o ABSOLUTE
    _printf_truncate_unsigned                0x00000000   Number         0  stubs.o ABSOLUTE
    _printf_u                                0x00000000   Number         0  stubs.o ABSOLUTE
    _printf_wc                               0x00000000   Number         0  stubs.o ABSOLUTE
    _printf_wctomb                           0x00000000   Number         0  stubs.o ABSOLUTE
    _printf_widthprec                        0x00000000   Number         0  stubs.o ABSOLUTE
    _printf_x                                0x00000000   Number         0  stubs.o ABSOLUTE
    __arm_fini_                               - Undefined Weak Reference
    __cpp_initialize__aeabi_                  - Undefined Weak Reference
    __cxa_finalize                            - Undefined Weak Reference
    __decompress                              - Undefined Weak Reference
    _clock_init                               - Undefined Weak Reference
    _microlib_exit                            - Undefined Weak Reference
    __main                                   0x000000c1   Thumb Code     0  entry.o(.ARM.Collect$$$$00000000)
    _main_stk                                0x000000c1   Thumb Code     0  entry2.o(.ARM.Collect$$$$00000001)
    _main_scatterload                        0x000000c5   Thumb Code     0  entry5.o(.ARM.Collect$$$$00000004)
    __main_after_scatterload                 0x000000c9   Thumb Code     0  entry5.o(.ARM.Collect$$$$00000004)
    _main_clock                              0x000000c9   Thumb Code     0  entry7b.o(.ARM.Collect$$$$00000008)
    _main_cpp_init                           0x000000c9   Thumb Code     0  entry8b.o(.ARM.Collect$$$$0000000A)
    _main_init                               0x000000c9   Thumb Code     0  entry9a.o(.ARM.Collect$$$$0000000B)
    __rt_lib_shutdown_fini                   0x000000d1   Thumb Code     0  entry12b.o(.ARM.Collect$$$$0000000E)
    __rt_final_cpp                           0x000000d5   Thumb Code     0  entry10a.o(.ARM.Collect$$$$0000000F)
    __rt_final_exit                          0x000000d5   Thumb Code     0  entry11a.o(.ARM.Collect$$$$00000011)
    HardFault_Handler                        0x000000d9   Thumb Code    24  retarget.o(.emb_text)
    Reset_Handler                            0x000000f5   Thumb Code    38  startup_m031series.o(.text)
    NMI_Handler                              0x0000011b   Thumb Code     2  startup_m031series.o(.text)
    SVC_Handler                              0x0000011f   Thumb Code     2  startup_m031series.o(.text)
    PendSV_Handler                           0x00000121   Thumb Code     2  startup_m031series.o(.text)
    SysTick_Handler                          0x00000123   Thumb Code     2  startup_m031series.o(.text)
    ACMP01_IRQHandler                        0x00000125   Thumb Code     0  startup_m031series.o(.text)
    ADC_IRQHandler                           0x00000125   Thumb Code     0  startup_m031series.o(.text)
    BOD_IRQHandler                           0x00000125   Thumb Code     0  startup_m031series.o(.text)
    CKFAIL_IRQHandler                        0x00000125   Thumb Code     0  startup_m031series.o(.text)
    EINT024_IRQHandler                       0x00000125   Thumb Code     0  startup_m031series.o(.text)
    EINT135_IRQHandler                       0x00000125   Thumb Code     0  startup_m031series.o(.text)
    GPAB_IRQHandler                          0x00000125   Thumb Code     0  startup_m031series.o(.text)
    GPCDEF_IRQHandler                        0x00000125   Thumb Code     0  startup_m031series.o(.text)
    I2C0_IRQHandler                          0x00000125   Thumb Code     0  startup_m031series.o(.text)
    I2C1_IRQHandler                          0x00000125   Thumb Code     0  startup_m031series.o(.text)
    PDMA_IRQHandler                          0x00000125   Thumb Code     0  startup_m031series.o(.text)
    PWM0_IRQHandler                          0x00000125   Thumb Code     0  startup_m031series.o(.text)
    PWM1_IRQHandler                          0x00000125   Thumb Code     0  startup_m031series.o(.text)
    PWRWU_IRQHandler                         0x00000125   Thumb Code     0  startup_m031series.o(.text)
    SPI0_IRQHandler                          0x00000125   Thumb Code     0  startup_m031series.o(.text)
    TMR0_IRQHandler                          0x00000125   Thumb Code     0  startup_m031series.o(.text)
    TMR1_IRQHandler                          0x00000125   Thumb Code     0  startup_m031series.o(.text)
    TMR2_IRQHandler                          0x00000125   Thumb Code     0  startup_m031series.o(.text)
    TMR3_IRQHandler                          0x00000125   Thumb Code     0  startup_m031series.o(.text)
    UART02_IRQHandler                        0x00000125   Thumb Code     0  startup_m031series.o(.text)
    UART1_IRQHandler                         0x00000125   Thumb Code     0  startup_m031series.o(.text)
    USBD_IRQHandler                          0x00000125   Thumb Code     0  startup_m031series.o(.text)
    USCI_IRQHandler                          0x00000125   Thumb Code     0  startup_m031series.o(.text)
    WDT_IRQHandler                           0x00000125   Thumb Code     0  startup_m031series.o(.text)
    __aeabi_uidiv                            0x00000151   Thumb Code     0  uidiv.o(.text)
    __aeabi_uidivmod                         0x00000151   Thumb Code    44  uidiv.o(.text)
    __aeabi_memcpy                           0x0000017d   Thumb Code    36  memcpya.o(.text)
    __aeabi_memcpy4                          0x0000017d   Thumb Code     0  memcpya.o(.text)
    __aeabi_memcpy8                          0x0000017d   Thumb Code     0  memcpya.o(.text)
    __aeabi_uldivmod                         0x000001a1   Thumb Code    96  uldiv.o(.text)
    __scatterload                            0x00000201   Thumb Code    28  init.o(.text)
    __scatterload_rt2                        0x00000201   Thumb Code     0  init.o(.text)
    __aeabi_llsl                             0x00000225   Thumb Code    32  llshl.o(.text)
    _ll_shift_l                              0x00000225   Thumb Code     0  llshl.o(.text)
    __aeabi_llsr                             0x00000245   Thumb Code    34  llushr.o(.text)
    _ll_ushift_r                             0x00000245   Thumb Code     0  llushr.o(.text)
    CLK_EnableModuleClock                    0x00000269   Thumb Code    40  clk.o(i.CLK_EnableModuleClock)
    CLK_EnableXtalRC                         0x00000299   Thumb Code    10  clk.o(i.CLK_EnableXtalRC)
    CLK_GetPCLK0Freq                         0x000002fd   Thumb Code    22  clk.o(i.CLK_GetPCLK0Freq)
    CLK_GetPCLK1Freq                         0x0000031d   Thumb Code    22  clk.o(i.CLK_GetPCLK1Freq)
    CLK_SetHCLK                              0x000003ed   Thumb Code    76  clk.o(i.CLK_SetHCLK)
    CLK_SetModuleClock                       0x0000043d   Thumb Code   102  clk.o(i.CLK_SetModuleClock)
    CLK_WaitClockReady                       0x000004ad   Thumb Code    34  clk.o(i.CLK_WaitClockReady)
    GPIO_SetMode                             0x000004d9   Thumb Code    40  gpio.o(i.GPIO_SetMode)
    Hard_Fault_Handler                       0x00000501   Thumb Code    16  retarget.o(i.Hard_Fault_Handler)
    SPI0_Init                                0x00000529   Thumb Code    48  main.o(i.SPI0_Init)
    SPI_ClearRxFIFO                          0x00000565   Thumb Code    12  spi.o(i.SPI_ClearRxFIFO)
    SPI_DisableAutoSS                        0x00000571   Thumb Code    10  spi.o(i.SPI_DisableAutoSS)
    SPI_Open                                 0x0000057d   Thumb Code   262  spi.o(i.SPI_Open)
    SYS_Init                                 0x00000699   Thumb Code    66  main.o(i.SYS_Init)
    SpiFlash_ChipErase                       0x00000705   Thumb Code    70  main.o(i.SpiFlash_ChipErase)
    SpiFlash_NormalPageProgram               0x00000751   Thumb Code   108  main.o(i.SpiFlash_NormalPageProgram)
    SpiFlash_NormalRead                      0x000007c1   Thumb Code    92  main.o(i.SpiFlash_NormalRead)
    SpiFlash_ReadMidDid                      0x00000821   Thumb Code    74  main.o(i.SpiFlash_ReadMidDid)
    SpiFlash_ReadStatusReg                   0x00000871   Thumb Code    46  main.o(i.SpiFlash_ReadStatusReg)
    SpiFlash_WaitReady                       0x000008a5   Thumb Code    14  main.o(i.SpiFlash_WaitReady)
    SystemCoreClockUpdate                    0x000008b5   Thumb Code   120  system_m031series.o(i.SystemCoreClockUpdate)
    SystemInit                               0x00000949   Thumb Code    46  system_m031series.o(i.SystemInit)
    UART0_Init                               0x00000981   Thumb Code    38  main.o(i.UART0_Init)
    UART_Open                                0x000009ad   Thumb Code   198  uart.o(i.UART_Open)
    __0printf$5                              0x00000a91   Thumb Code    24  printf5.o(i.__0printf$5)
    __1printf$5                              0x00000a91   Thumb Code     0  printf5.o(i.__0printf$5)
    __2printf                                0x00000a91   Thumb Code     0  printf5.o(i.__0printf$5)
    __scatterload_copy                       0x00000ab1   Thumb Code    14  handlers.o(i.__scatterload_copy)
    __scatterload_null                       0x00000abf   Thumb Code     2  handlers.o(i.__scatterload_null)
    __scatterload_zeroinit                   0x00000ac1   Thumb Code    14  handlers.o(i.__scatterload_zeroinit)
    fputc                                    0x00000da5   Thumb Code    12  retarget.o(i.fputc)
    main                                     0x00000db1   Thumb Code   238  main.o(i.main)
    gau32ClkSrcTbl                           0x0000105c   Data          32  system_m031series.o(.constdata)
    Region$$Table$$Base                      0x000010fc   Number         0  anon$$obj.o(Region$$Table)
    Region$$Table$$Limit                     0x0000111c   Number         0  anon$$obj.o(Region$$Table)
    SystemCoreClock                          0x20000000   Data           4  system_m031series.o(.data)
    CyclesPerUs                              0x20000004   Data           4  system_m031series.o(.data)
    PllClock                                 0x20000008   Data           4  system_m031series.o(.data)
    __stdout                                 0x2000000c   Data           4  retarget.o(.data)
    SrcArray                                 0x20000010   Data         256  main.o(.bss)
    DestArray                                0x20000110   Data         256  main.o(.bss)
    __initial_sp                             0x20000410   Data           0  startup_m031series.o(STACK)



==============================================================================

Memory Map of the image

  Image Entry point : 0x000000f5

  Load Region LR_1 (Base: 0x00000000, Size: 0x0000112c, Max: 0xffffffff, ABSOLUTE)

    Execution Region ER_RO (Exec base: 0x00000000, Load base: 0x00000000, Size: 0x0000111c, Max: 0xffffffff, ABSOLUTE)

    Exec Addr    Load Addr    Size         Type   Attr      Idx    E Section Name        Object

    0x00000000   0x00000000   0x000000c0   Data   RO          191    RESET               startup_m031series.o
    0x000000c0   0x000000c0   0x00000000   Code   RO          819  * .ARM.Collect$$$$00000000  mc_p.l(entry.o)
    0x000000c0   0x000000c0   0x00000004   Code   RO         1087    .ARM.Collect$$$$00000001  mc_p.l(entry2.o)
    0x000000c4   0x000000c4   0x00000004   Code   RO         1090    .ARM.Collect$$$$00000004  mc_p.l(entry5.o)
    0x000000c8   0x000000c8   0x00000000   Code   RO         1092    .ARM.Collect$$$$00000008  mc_p.l(entry7b.o)
    0x000000c8   0x000000c8   0x00000000   Code   RO         1094    .ARM.Collect$$$$0000000A  mc_p.l(entry8b.o)
    0x000000c8   0x000000c8   0x00000008   Code   RO         1095    .ARM.Collect$$$$0000000B  mc_p.l(entry9a.o)
    0x000000d0   0x000000d0   0x00000004   Code   RO         1102    .ARM.Collect$$$$0000000E  mc_p.l(entry12b.o)
    0x000000d4   0x000000d4   0x00000000   Code   RO         1097    .ARM.Collect$$$$0000000F  mc_p.l(entry10a.o)
    0x000000d4   0x000000d4   0x00000000   Code   RO         1099    .ARM.Collect$$$$00000011  mc_p.l(entry11a.o)
    0x000000d4   0x000000d4   0x00000004   Code   RO         1088    .ARM.Collect$$$$00002712  mc_p.l(entry2.o)
    0x000000d8   0x000000d8   0x0000001c   Code   RO          358    .emb_text           retarget.o
    0x000000f4   0x000000f4   0x0000005c   Code   RO          192  * .text               startup_m031series.o
    0x00000150   0x00000150   0x0000002c   Code   RO          820    .text               mc_p.l(uidiv.o)
    0x0000017c   0x0000017c   0x00000024   Code   RO          822    .text               mc_p.l(memcpya.o)
    0x000001a0   0x000001a0   0x00000060   Code   RO         1103    .text               mc_p.l(uldiv.o)
    0x00000200   0x00000200   0x00000024   Code   RO         1116    .text               mc_p.l(init.o)
    0x00000224   0x00000224   0x00000020   Code   RO         1118    .text               mc_p.l(llshl.o)
    0x00000244   0x00000244   0x00000022   Code   RO         1120    .text               mc_p.l(llushr.o)
    0x00000266   0x00000266   0x00000002   PAD
    0x00000268   0x00000268   0x00000030   Code   RO          204    i.CLK_EnableModuleClock  clk.o
    0x00000298   0x00000298   0x00000010   Code   RO          207    i.CLK_EnableXtalRC  clk.o
    0x000002a8   0x000002a8   0x00000054   Code   RO          549    i.CLK_GetHCLKFreq   spi.o
    0x000002fc   0x000002fc   0x00000020   Code   RO          211    i.CLK_GetPCLK0Freq  clk.o
    0x0000031c   0x0000031c   0x00000020   Code   RO          212    i.CLK_GetPCLK1Freq  clk.o
    0x0000033c   0x0000033c   0x00000058   Code   RO          439    i.CLK_GetPLLClockFreq  uart.o
    0x00000394   0x00000394   0x00000058   Code   RO          550    i.CLK_GetPLLClockFreq  spi.o
    0x000003ec   0x000003ec   0x00000050   Code   RO          216    i.CLK_SetHCLK       clk.o
    0x0000043c   0x0000043c   0x00000070   Code   RO          217    i.CLK_SetModuleClock  clk.o
    0x000004ac   0x000004ac   0x0000002c   Code   RO          219    i.CLK_WaitClockReady  clk.o
    0x000004d8   0x000004d8   0x00000028   Code   RO          709    i.GPIO_SetMode      gpio.o
    0x00000500   0x00000500   0x00000028   Code   RO          359    i.Hard_Fault_Handler  retarget.o
    0x00000528   0x00000528   0x0000003c   Code   RO          739    i.SPI0_Init         main.o
    0x00000564   0x00000564   0x0000000c   Code   RO          560    i.SPI_ClearRxFIFO   spi.o
    0x00000570   0x00000570   0x0000000a   Code   RO          563    i.SPI_DisableAutoSS  spi.o
    0x0000057a   0x0000057a   0x00000002   PAD
    0x0000057c   0x0000057c   0x0000011c   Code   RO          570    i.SPI_Open          spi.o
    0x00000698   0x00000698   0x0000004c   Code   RO          740    i.SYS_Init          main.o
    0x000006e4   0x000006e4   0x00000020   Code   RO          361    i.SendChar          retarget.o
    0x00000704   0x00000704   0x0000004c   Code   RO          741    i.SpiFlash_ChipErase  main.o
    0x00000750   0x00000750   0x00000070   Code   RO          742    i.SpiFlash_NormalPageProgram  main.o
    0x000007c0   0x000007c0   0x00000060   Code   RO          743    i.SpiFlash_NormalRead  main.o
    0x00000820   0x00000820   0x00000050   Code   RO          744    i.SpiFlash_ReadMidDid  main.o
    0x00000870   0x00000870   0x00000034   Code   RO          745    i.SpiFlash_ReadStatusReg  main.o
    0x000008a4   0x000008a4   0x0000000e   Code   RO          746    i.SpiFlash_WaitReady  main.o
    0x000008b2   0x000008b2   0x00000002   PAD
    0x000008b4   0x000008b4   0x00000094   Code   RO            3    i.SystemCoreClockUpdate  system_m031series.o
    0x00000948   0x00000948   0x00000038   Code   RO            4    i.SystemInit        system_m031series.o
    0x00000980   0x00000980   0x0000002c   Code   RO          748    i.UART0_Init        main.o
    0x000009ac   0x000009ac   0x000000e4   Code   RO          446    i.UART_Open         uart.o
    0x00000a90   0x00000a90   0x00000020   Code   RO          959    i.__0printf$5       mc_p.l(printf5.o)
    0x00000ab0   0x00000ab0   0x0000000e   Code   RO         1130    i.__scatterload_copy  mc_p.l(handlers.o)
    0x00000abe   0x00000abe   0x00000002   Code   RO         1131    i.__scatterload_null  mc_p.l(handlers.o)
    0x00000ac0   0x00000ac0   0x0000000e   Code   RO         1132    i.__scatterload_zeroinit  mc_p.l(handlers.o)
    0x00000ace   0x00000ace   0x00000002   PAD
    0x00000ad0   0x00000ad0   0x000002d4   Code   RO          966    i._printf_core      mc_p.l(printf5.o)
    0x00000da4   0x00000da4   0x0000000c   Code   RO          365    i.fputc             retarget.o
    0x00000db0   0x00000db0   0x00000204   Code   RO          749    i.main              main.o
    0x00000fb4   0x00000fb4   0x000000a8   Code   RO          367    i.stackDump         retarget.o
    0x0000105c   0x0000105c   0x00000020   Data   RO            5    .constdata          system_m031series.o
    0x0000107c   0x0000107c   0x00000038   Data   RO          220    .constdata          clk.o
    0x000010b4   0x000010b4   0x00000048   Data   RO          454    .constdata          uart.o
    0x000010fc   0x000010fc   0x00000020   Data   RO         1128    Region$$Table       anon$$obj.o


    Execution Region ER_RW (Exec base: 0x20000000, Load base: 0x0000111c, Size: 0x00000010, Max: 0xffffffff, ABSOLUTE)

    Exec Addr    Load Addr    Size         Type   Attr      Idx    E Section Name        Object

    0x20000000   0x0000111c   0x0000000c   Data   RW            6    .data               system_m031series.o
    0x2000000c   0x00001128   0x00000004   Data   RW          368    .data               retarget.o


    Execution Region ER_ZI (Exec base: 0x20000010, Load base: 0x0000112c, Size: 0x00000400, Max: 0xffffffff, ABSOLUTE)

    Exec Addr    Load Addr    Size         Type   Attr      Idx    E Section Name        Object

    0x20000010        -       0x00000200   Zero   RW          750    .bss                main.o
    0x20000210        -       0x00000200   Zero   RW          189    STACK               startup_m031series.o


==============================================================================

Image component sizes


      Code (inc. data)   RO Data    RW Data    ZI Data      Debug   Object Name

       364         58         56          0          0       4933   clk.o
        40          0          0          0          0       1063   gpio.o
      1126        332          0          0        512       6630   main.o
       280        132          0          4          0       4851   retarget.o
       478         54          0          0          0       4161   spi.o
        92         42        192          0        512        744   startup_m031series.o
       204         38         32         12          0      81627   system_m031series.o
       316         48         72          0          0       2220   uart.o

    ----------------------------------------------------------------------
      2904        704        384         16       1024     106229   Object Totals
         0          0         32          0          0          0   (incl. Generated)
         4          0          0          0          0          0   (incl. Padding)

    ----------------------------------------------------------------------

      Code (inc. data)   RO Data    RW Data    ZI Data      Debug   Library Member Name

         0          0          0          0          0          0   entry.o
         0          0          0          0          0          0   entry10a.o
         0          0          0          0          0          0   entry11a.o
         4          0          0          0          0          0   entry12b.o
         8          4          0          0          0          0   entry2.o
         4          0          0          0          0          0   entry5.o
         0          0          0          0          0          0   entry7b.o
         0          0          0          0          0          0   entry8b.o
         8          4          0          0          0          0   entry9a.o
        30          0          0          0          0          0   handlers.o
        36          8          0          0          0         68   init.o
        32          0          0          0          0         68   llshl.o
        34          0          0          0          0         68   llushr.o
        36          0          0          0          0         60   memcpya.o
       756         52          0          0          0        168   printf5.o
        44          0          0          0          0         72   uidiv.o
        96          0          0          0          0         84   uldiv.o

    ----------------------------------------------------------------------
      1092         68          0          0          0        588   Library Totals
         4          0          0          0          0          0   (incl. Padding)

    ----------------------------------------------------------------------

      Code (inc. data)   RO Data    RW Data    ZI Data      Debug   Library Name

      1088         68          0          0          0        588   mc_p.l

    ----------------------------------------------------------------------
      1092         68          0          0          0        588   Library Totals

    ----------------------------------------------------------------------

==============================================================================


      Code (inc. data)   RO Data    RW Data    ZI Data      Debug   

      3996        772        384         16       1024     105377   Grand Totals
      3996        772        384         16       1024     105377   ELF Image Totals
      3996        772        384         16          0          0   ROM Totals

==============================================================================

    Total RO  Size (Code + RO Data)                 4380 (   4.28kB)
    Total RW  Size (RW Data + ZI Data)              1040 (   1.02kB)
    Total ROM Size (Code + RO Data + RW Data)       4396 (   4.29kB)

==============================================================================

