Component: ARM Compiler 5.06 update 7 (build 960) Tool: armlink [4d3601]

==============================================================================

Small function inlining results

Inlined total of 0 calls.

==============================================================================

Image Symbol Table

    Local Symbols

    Symbol Name                              Value     Ov Type        Size  Object(Section)

    RESET                                    0x00000000   Section      192  startup_m031series.o(RESET)
    ../clib/microlib/division.c              0x00000000   Number         0  uidiv.o ABSOLUTE
    ../clib/microlib/division.c              0x00000000   Number         0  uldiv.o ABSOLUTE
    ../clib/microlib/init/entry.s            0x00000000   Number         0  entry11a.o ABSOLUTE
    ../clib/microlib/init/entry.s            0x00000000   Number         0  entry2.o ABSOLUTE
    ../clib/microlib/init/entry.s            0x00000000   Number         0  entry8a.o ABSOLUTE
    ../clib/microlib/init/entry.s            0x00000000   Number         0  entry10b.o ABSOLUTE
    ../clib/microlib/init/entry.s            0x00000000   Number         0  entry8b.o ABSOLUTE
    ../clib/microlib/init/entry.s            0x00000000   Number         0  entry9a.o ABSOLUTE
    ../clib/microlib/init/entry.s            0x00000000   Number         0  entry10a.o ABSOLUTE
    ../clib/microlib/init/entry.s            0x00000000   Number         0  entry7b.o ABSOLUTE
    ../clib/microlib/init/entry.s            0x00000000   Number         0  entry7a.o ABSOLUTE
    ../clib/microlib/init/entry.s            0x00000000   Number         0  entry5.o ABSOLUTE
    ../clib/microlib/init/entry.s            0x00000000   Number         0  entry9b.o ABSOLUTE
    ../clib/microlib/init/entry.s            0x00000000   Number         0  entry.o ABSOLUTE
    ../clib/microlib/init/entry.s            0x00000000   Number         0  entry12b.o ABSOLUTE
    ../clib/microlib/init/entry.s            0x00000000   Number         0  entry12a.o ABSOLUTE
    ../clib/microlib/init/entry.s            0x00000000   Number         0  entry11b.o ABSOLUTE
    ../clib/microlib/longlong.c              0x00000000   Number         0  llshl.o ABSOLUTE
    ../clib/microlib/longlong.c              0x00000000   Number         0  llushr.o ABSOLUTE
    ../clib/microlib/longlong.c              0x00000000   Number         0  llsshr.o ABSOLUTE
    ../clib/microlib/printf/printf.c         0x00000000   Number         0  printf1.o ABSOLUTE
    ../clib/microlib/printf/printf.c         0x00000000   Number         0  printfa.o ABSOLUTE
    ../clib/microlib/printf/printf.c         0x00000000   Number         0  printf2.o ABSOLUTE
    ../clib/microlib/printf/printf.c         0x00000000   Number         0  printf3.o ABSOLUTE
    ../clib/microlib/printf/printf.c         0x00000000   Number         0  printf4.o ABSOLUTE
    ../clib/microlib/printf/printf.c         0x00000000   Number         0  printf6.o ABSOLUTE
    ../clib/microlib/printf/printf.c         0x00000000   Number         0  printf7.o ABSOLUTE
    ../clib/microlib/printf/printf.c         0x00000000   Number         0  printf8.o ABSOLUTE
    ../clib/microlib/printf/printf.c         0x00000000   Number         0  printf0.o ABSOLUTE
    ../clib/microlib/printf/printf.c         0x00000000   Number         0  printfb.o ABSOLUTE
    ../clib/microlib/printf/printf.c         0x00000000   Number         0  printf5.o ABSOLUTE
    ../clib/microlib/printf/stubs.s          0x00000000   Number         0  stubs.o ABSOLUTE
    ../clib/microlib/string/memcpy.c         0x00000000   Number         0  memcpyb.o ABSOLUTE
    ../clib/microlib/string/memcpy.c         0x00000000   Number         0  memcpya.o ABSOLUTE
    ../clib/microlib/stubs.s                 0x00000000   Number         0  iusefp.o ABSOLUTE
    ../fplib/microlib/fpadd.c                0x00000000   Number         0  dadd.o ABSOLUTE
    ../fplib/microlib/fpdiv.c                0x00000000   Number         0  ddiv.o ABSOLUTE
    ../fplib/microlib/fpepilogue.c           0x00000000   Number         0  depilogue.o ABSOLUTE
    ../fplib/microlib/fpfix.c                0x00000000   Number         0  dfixul.o ABSOLUTE
    ../fplib/microlib/fpmul.c                0x00000000   Number         0  dmul.o ABSOLUTE
    ..\..\..\..\Library\Device\Nuvoton\M031\Source\ARM\startup_M031Series.s 0x00000000   Number         0  startup_m031series.o ABSOLUTE
    ..\..\..\..\Library\Device\Nuvoton\M031\Source\system_M031Series.c 0x00000000   Number         0  system_m031series.o ABSOLUTE
    ..\..\..\..\Library\StdDriver\src\clk.c  0x00000000   Number         0  clk.o ABSOLUTE
    ..\..\..\..\Library\StdDriver\src\gpio.c 0x00000000   Number         0  gpio.o ABSOLUTE
    ..\..\..\..\Library\StdDriver\src\retarget.c 0x00000000   Number         0  retarget.o ABSOLUTE
    ..\..\..\..\Library\StdDriver\src\spi.c  0x00000000   Number         0  spi.o ABSOLUTE
    ..\..\..\..\Library\StdDriver\src\uart.c 0x00000000   Number         0  uart.o ABSOLUTE
    ..\..\..\Library\StdDriver\src\i2c.c     0x00000000   Number         0  i2c.o ABSOLUTE
    ..\\..\\..\\..\\Library\\Device\\Nuvoton\\M031\\Source\\system_M031Series.c 0x00000000   Number         0  system_m031series.o ABSOLUTE
    ..\\..\\..\\..\\Library\\StdDriver\\src\\clk.c 0x00000000   Number         0  clk.o ABSOLUTE
    ..\\..\\..\\..\\Library\\StdDriver\\src\\gpio.c 0x00000000   Number         0  gpio.o ABSOLUTE
    ..\\..\\..\\..\\Library\\StdDriver\\src\\retarget.c 0x00000000   Number         0  retarget.o ABSOLUTE
    ..\\..\\..\\..\\Library\\StdDriver\\src\\spi.c 0x00000000   Number         0  spi.o ABSOLUTE
    ..\\..\\..\\..\\Library\\StdDriver\\src\\uart.c 0x00000000   Number         0  uart.o ABSOLUTE
    ..\\..\\..\\Library\\StdDriver\\src\\i2c.c 0x00000000   Number         0  i2c.o ABSOLUTE
    ..\\i2c_transfer.c                       0x00000000   Number         0  i2c_transfer.o ABSOLUTE
    ..\\main.c                               0x00000000   Number         0  main.o ABSOLUTE
    ..\\spi_transfer.c                       0x00000000   Number         0  spi_transfer.o ABSOLUTE
    ..\i2c_transfer.c                        0x00000000   Number         0  i2c_transfer.o ABSOLUTE
    ..\main.c                                0x00000000   Number         0  main.o ABSOLUTE
    ..\spi_transfer.c                        0x00000000   Number         0  spi_transfer.o ABSOLUTE
    cdrcmple.s                               0x00000000   Number         0  cdrcmple.o ABSOLUTE
    handlers.s                               0x00000000   Number         0  handlers.o ABSOLUTE
    init.s                                   0x00000000   Number         0  init.o ABSOLUTE
    .ARM.Collect$$$$00000000                 0x000000c0   Section        0  entry.o(.ARM.Collect$$$$00000000)
    .ARM.Collect$$$$00000001                 0x000000c0   Section        4  entry2.o(.ARM.Collect$$$$00000001)
    .ARM.Collect$$$$00000004                 0x000000c4   Section        4  entry5.o(.ARM.Collect$$$$00000004)
    .ARM.Collect$$$$00000008                 0x000000c8   Section        0  entry7b.o(.ARM.Collect$$$$00000008)
    .ARM.Collect$$$$0000000A                 0x000000c8   Section        0  entry8b.o(.ARM.Collect$$$$0000000A)
    .ARM.Collect$$$$0000000B                 0x000000c8   Section        8  entry9a.o(.ARM.Collect$$$$0000000B)
    .ARM.Collect$$$$0000000E                 0x000000d0   Section        4  entry12b.o(.ARM.Collect$$$$0000000E)
    .ARM.Collect$$$$0000000F                 0x000000d4   Section        0  entry10a.o(.ARM.Collect$$$$0000000F)
    .ARM.Collect$$$$00000011                 0x000000d4   Section        0  entry11a.o(.ARM.Collect$$$$00000011)
    .ARM.Collect$$$$00002712                 0x000000d4   Section        4  entry2.o(.ARM.Collect$$$$00002712)
    __lit__00000000                          0x000000d4   Data           4  entry2.o(.ARM.Collect$$$$00002712)
    .emb_text                                0x000000d8   Section       28  retarget.o(.emb_text)
    .text                                    0x000000f4   Section       92  startup_m031series.o(.text)
    Default_Handler                          0x00000125   Thumb Code     2  startup_m031series.o(.text)
    .text                                    0x00000150   Section        0  uidiv.o(.text)
    .text                                    0x0000017c   Section        0  memcpya.o(.text)
    .text                                    0x000001a0   Section        0  uldiv.o(.text)
    .text                                    0x00000200   Section       36  init.o(.text)
    .text                                    0x00000224   Section        0  llshl.o(.text)
    .text                                    0x00000244   Section        0  llushr.o(.text)
    i.CLK_EnableModuleClock                  0x00000268   Section        0  clk.o(i.CLK_EnableModuleClock)
    i.CLK_EnableXtalRC                       0x00000298   Section        0  clk.o(i.CLK_EnableXtalRC)
    i.CLK_GetHCLKFreq                        0x000002a8   Section        0  spi.o(i.CLK_GetHCLKFreq)
    CLK_GetHCLKFreq                          0x000002a9   Thumb Code    70  spi.o(i.CLK_GetHCLKFreq)
    i.CLK_GetPCLK0Freq                       0x000002fc   Section        0  clk.o(i.CLK_GetPCLK0Freq)
    i.CLK_GetPCLK1Freq                       0x0000031c   Section        0  clk.o(i.CLK_GetPCLK1Freq)
    i.CLK_GetPLLClockFreq                    0x0000033c   Section        0  uart.o(i.CLK_GetPLLClockFreq)
    CLK_GetPLLClockFreq                      0x0000033d   Thumb Code    70  uart.o(i.CLK_GetPLLClockFreq)
    i.CLK_GetPLLClockFreq                    0x00000394   Section        0  spi.o(i.CLK_GetPLLClockFreq)
    CLK_GetPLLClockFreq                      0x00000395   Thumb Code    70  spi.o(i.CLK_GetPLLClockFreq)
    i.CLK_SetHCLK                            0x000003ec   Section        0  clk.o(i.CLK_SetHCLK)
    i.CLK_SetModuleClock                     0x0000043c   Section        0  clk.o(i.CLK_SetModuleClock)
    i.CLK_WaitClockReady                     0x000004ac   Section        0  clk.o(i.CLK_WaitClockReady)
    i.Compare                                0x000004d8   Section        0  spi_transfer.o(i.Compare)
    i.GPIO_SetMode                           0x00000530   Section        0  gpio.o(i.GPIO_SetMode)
    i.Hard_Fault_Handler                     0x00000558   Section        0  retarget.o(i.Hard_Fault_Handler)
    __tagsym$$used                           0x00000559   Number         0  retarget.o(i.Hard_Fault_Handler)
    i.I2C0_IRQHandler                        0x00000580   Section        0  i2c_transfer.o(i.I2C0_IRQHandler)
    i.I2C0_Init                              0x000005ac   Section        0  i2c_transfer.o(i.I2C0_Init)
    i.I2C_ClearTimeoutFlag                   0x00000610   Section        0  i2c.o(i.I2C_ClearTimeoutFlag)
    i.I2C_EnableInt                          0x0000061a   Section        0  i2c.o(i.I2C_EnableInt)
    i.I2C_GetBusClockFreq                    0x00000624   Section        0  i2c.o(i.I2C_GetBusClockFreq)
    i.I2C_Open                               0x00000648   Section        0  i2c.o(i.I2C_Open)
    i.I2C_Rx_Write_To_SPI                    0x00000690   Section        0  i2c_transfer.o(i.I2C_Rx_Write_To_SPI)
    i.I2C_SetSlaveAddr                       0x00000734   Section        0  i2c.o(i.I2C_SetSlaveAddr)
    i.I2C_SlaveTRx                           0x00000754   Section        0  i2c_transfer.o(i.I2C_SlaveTRx)
    i.SPI0_Init                              0x000008a8   Section        0  spi_transfer.o(i.SPI0_Init)
    i.SPI_ClearRxFIFO                        0x000008e4   Section        0  spi.o(i.SPI_ClearRxFIFO)
    i.SPI_DisableAutoSS                      0x000008f0   Section        0  spi.o(i.SPI_DisableAutoSS)
    i.SPI_Open                               0x000008fc   Section        0  spi.o(i.SPI_Open)
    i.SYS_Init                               0x00000a18   Section        0  main.o(i.SYS_Init)
    i.SendChar                               0x00000aa0   Section        0  retarget.o(i.SendChar)
    SendChar                                 0x00000aa1   Thumb Code    26  retarget.o(i.SendChar)
    i.SpiFlash_BlockErase64KB                0x00000ac0   Section        0  spi_transfer.o(i.SpiFlash_BlockErase64KB)
    i.SpiFlash_NormalPageProgram             0x00000b1c   Section        0  spi_transfer.o(i.SpiFlash_NormalPageProgram)
    i.SpiFlash_NormalRead                    0x00000b94   Section        0  spi_transfer.o(i.SpiFlash_NormalRead)
    i.SpiFlash_ReadMidDid                    0x00000bfc   Section        0  spi_transfer.o(i.SpiFlash_ReadMidDid)
    i.SpiFlash_ReadStatusReg                 0x00000c4c   Section        0  spi_transfer.o(i.SpiFlash_ReadStatusReg)
    i.SpiFlash_WaitReady                     0x00000c80   Section        0  spi_transfer.o(i.SpiFlash_WaitReady)
    i.SystemCoreClockUpdate                  0x00000c90   Section        0  system_m031series.o(i.SystemCoreClockUpdate)
    i.SystemInit                             0x00000d24   Section        0  system_m031series.o(i.SystemInit)
    i.UART0_Init                             0x00000d5c   Section        0  main.o(i.UART0_Init)
    i.UART_Open                              0x00000d88   Section        0  uart.o(i.UART_Open)
    i.__0printf$5                            0x00000e6c   Section        0  printf5.o(i.__0printf$5)
    i.__scatterload_copy                     0x00000e8c   Section       14  handlers.o(i.__scatterload_copy)
    i.__scatterload_null                     0x00000e9a   Section        2  handlers.o(i.__scatterload_null)
    i.__scatterload_zeroinit                 0x00000e9c   Section       14  handlers.o(i.__scatterload_zeroinit)
    i._printf_core                           0x00000eac   Section        0  printf5.o(i._printf_core)
    _printf_core                             0x00000ead   Thumb Code   680  printf5.o(i._printf_core)
    i.fputc                                  0x00001180   Section        0  retarget.o(i.fputc)
    i.main                                   0x0000118c   Section        0  main.o(i.main)
    i.stackDump                              0x0000122c   Section        0  retarget.o(i.stackDump)
    stackDump                                0x0000122d   Thumb Code    70  retarget.o(i.stackDump)
    .constdata                               0x000012d4   Section       32  system_m031series.o(.constdata)
    .constdata                               0x000012f4   Section       56  clk.o(.constdata)
    .constdata                               0x0000132c   Section       72  uart.o(.constdata)
    .data                                    0x20000000   Section       12  system_m031series.o(.data)
    .data                                    0x2000000c   Section        4  retarget.o(.data)
    .data                                    0x20000010   Section       20  i2c_transfer.o(.data)
    s_I2C0HandlerFn                          0x20000014   Data           4  i2c_transfer.o(.data)
    u32FlashAddress                          0x20000018   Data           4  i2c_transfer.o(.data)
    u32Count                                 0x2000001c   Data           4  i2c_transfer.o(.data)
    .bss                                     0x20000024   Section      512  i2c_transfer.o(.bss)
    STACK                                    0x20000228   Section      512  startup_m031series.o(STACK)

    Global Symbols

    Symbol Name                              Value     Ov Type        Size  Object(Section)

    BuildAttributes$$THM_ISAv3M$S$PE$A:L22$X:L11$S22$IEEE1$IW$USESV6$~STKCKD$USESV7$~SHL$OSPACE$ROPI$EBA8$MICROLIB$REQ8$PRES8$EABIv2 0x00000000   Number         0  anon$$obj.o ABSOLUTE
    __ARM_use_no_argv                        0x00000000   Number         0  main.o ABSOLUTE
    __Vectors                                0x00000000   Data           4  startup_m031series.o(RESET)
    _printf_a                                0x00000000   Number         0  stubs.o ABSOLUTE
    _printf_c                                0x00000000   Number         0  stubs.o ABSOLUTE
    _printf_charcount                        0x00000000   Number         0  stubs.o ABSOLUTE
    _printf_d                                0x00000000   Number         0  stubs.o ABSOLUTE
    _printf_e                                0x00000000   Number         0  stubs.o ABSOLUTE
    _printf_f                                0x00000000   Number         0  stubs.o ABSOLUTE
    _printf_flags                            0x00000000   Number         0  stubs.o ABSOLUTE
    _printf_fp_dec                           0x00000000   Number         0  stubs.o ABSOLUTE
    _printf_fp_hex                           0x00000000   Number         0  stubs.o ABSOLUTE
    _printf_g                                0x00000000   Number         0  stubs.o ABSOLUTE
    _printf_i                                0x00000000   Number         0  stubs.o ABSOLUTE
    _printf_int_dec                          0x00000000   Number         0  stubs.o ABSOLUTE
    _printf_l                                0x00000000   Number         0  stubs.o ABSOLUTE
    _printf_lc                               0x00000000   Number         0  stubs.o ABSOLUTE
    _printf_ll                               0x00000000   Number         0  stubs.o ABSOLUTE
    _printf_lld                              0x00000000   Number         0  stubs.o ABSOLUTE
    _printf_lli                              0x00000000   Number         0  stubs.o ABSOLUTE
    _printf_llo                              0x00000000   Number         0  stubs.o ABSOLUTE
    _printf_llu                              0x00000000   Number         0  stubs.o ABSOLUTE
    _printf_llx                              0x00000000   Number         0  stubs.o ABSOLUTE
    _printf_longlong_dec                     0x00000000   Number         0  stubs.o ABSOLUTE
    _printf_longlong_hex                     0x00000000   Number         0  stubs.o ABSOLUTE
    _printf_longlong_oct                     0x00000000   Number         0  stubs.o ABSOLUTE
    _printf_ls                               0x00000000   Number         0  stubs.o ABSOLUTE
    _printf_mbtowc                           0x00000000   Number         0  stubs.o ABSOLUTE
    _printf_n                                0x00000000   Number         0  stubs.o ABSOLUTE
    _printf_o                                0x00000000   Number         0  stubs.o ABSOLUTE
    _printf_p                                0x00000000   Number         0  stubs.o ABSOLUTE
    _printf_percent                          0x00000000   Number         0  stubs.o ABSOLUTE
    _printf_pre_padding                      0x00000000   Number         0  stubs.o ABSOLUTE
    _printf_return_value                     0x00000000   Number         0  stubs.o ABSOLUTE
    _printf_s                                0x00000000   Number         0  stubs.o ABSOLUTE
    _printf_sizespec                         0x00000000   Number         0  stubs.o ABSOLUTE
    _printf_str                              0x00000000   Number         0  stubs.o ABSOLUTE
    _printf_truncate_signed                  0x00000000   Number         0  stubs.o ABSOLUTE
    _printf_truncate_unsigned                0x00000000   Number         0  stubs.o ABSOLUTE
    _printf_u                                0x00000000   Number         0  stubs.o ABSOLUTE
    _printf_wc                               0x00000000   Number         0  stubs.o ABSOLUTE
    _printf_wctomb                           0x00000000   Number         0  stubs.o ABSOLUTE
    _printf_widthprec                        0x00000000   Number         0  stubs.o ABSOLUTE
    _printf_x                                0x00000000   Number         0  stubs.o ABSOLUTE
    __arm_fini_                               - Undefined Weak Reference
    __cpp_initialize__aeabi_                  - Undefined Weak Reference
    __cxa_finalize                            - Undefined Weak Reference
    __decompress                              - Undefined Weak Reference
    _clock_init                               - Undefined Weak Reference
    _microlib_exit                            - Undefined Weak Reference
    __main                                   0x000000c1   Thumb Code     0  entry.o(.ARM.Collect$$$$00000000)
    _main_stk                                0x000000c1   Thumb Code     0  entry2.o(.ARM.Collect$$$$00000001)
    _main_scatterload                        0x000000c5   Thumb Code     0  entry5.o(.ARM.Collect$$$$00000004)
    __main_after_scatterload                 0x000000c9   Thumb Code     0  entry5.o(.ARM.Collect$$$$00000004)
    _main_clock                              0x000000c9   Thumb Code     0  entry7b.o(.ARM.Collect$$$$00000008)
    _main_cpp_init                           0x000000c9   Thumb Code     0  entry8b.o(.ARM.Collect$$$$0000000A)
    _main_init                               0x000000c9   Thumb Code     0  entry9a.o(.ARM.Collect$$$$0000000B)
    __rt_lib_shutdown_fini                   0x000000d1   Thumb Code     0  entry12b.o(.ARM.Collect$$$$0000000E)
    __rt_final_cpp                           0x000000d5   Thumb Code     0  entry10a.o(.ARM.Collect$$$$0000000F)
    __rt_final_exit                          0x000000d5   Thumb Code     0  entry11a.o(.ARM.Collect$$$$00000011)
    HardFault_Handler                        0x000000d9   Thumb Code    24  retarget.o(.emb_text)
    Reset_Handler                            0x000000f5   Thumb Code    38  startup_m031series.o(.text)
    NMI_Handler                              0x0000011b   Thumb Code     2  startup_m031series.o(.text)
    SVC_Handler                              0x0000011f   Thumb Code     2  startup_m031series.o(.text)
    PendSV_Handler                           0x00000121   Thumb Code     2  startup_m031series.o(.text)
    SysTick_Handler                          0x00000123   Thumb Code     2  startup_m031series.o(.text)
    ACMP01_IRQHandler                        0x00000125   Thumb Code     0  startup_m031series.o(.text)
    ADC_IRQHandler                           0x00000125   Thumb Code     0  startup_m031series.o(.text)
    BOD_IRQHandler                           0x00000125   Thumb Code     0  startup_m031series.o(.text)
    CKFAIL_IRQHandler                        0x00000125   Thumb Code     0  startup_m031series.o(.text)
    EINT024_IRQHandler                       0x00000125   Thumb Code     0  startup_m031series.o(.text)
    EINT135_IRQHandler                       0x00000125   Thumb Code     0  startup_m031series.o(.text)
    GPAB_IRQHandler                          0x00000125   Thumb Code     0  startup_m031series.o(.text)
    GPCDEF_IRQHandler                        0x00000125   Thumb Code     0  startup_m031series.o(.text)
    I2C1_IRQHandler                          0x00000125   Thumb Code     0  startup_m031series.o(.text)
    PDMA_IRQHandler                          0x00000125   Thumb Code     0  startup_m031series.o(.text)
    PWM0_IRQHandler                          0x00000125   Thumb Code     0  startup_m031series.o(.text)
    PWM1_IRQHandler                          0x00000125   Thumb Code     0  startup_m031series.o(.text)
    PWRWU_IRQHandler                         0x00000125   Thumb Code     0  startup_m031series.o(.text)
    SPI0_IRQHandler                          0x00000125   Thumb Code     0  startup_m031series.o(.text)
    TMR0_IRQHandler                          0x00000125   Thumb Code     0  startup_m031series.o(.text)
    TMR1_IRQHandler                          0x00000125   Thumb Code     0  startup_m031series.o(.text)
    TMR2_IRQHandler                          0x00000125   Thumb Code     0  startup_m031series.o(.text)
    TMR3_IRQHandler                          0x00000125   Thumb Code     0  startup_m031series.o(.text)
    UART02_IRQHandler                        0x00000125   Thumb Code     0  startup_m031series.o(.text)
    UART1_IRQHandler                         0x00000125   Thumb Code     0  startup_m031series.o(.text)
    USBD_IRQHandler                          0x00000125   Thumb Code     0  startup_m031series.o(.text)
    USCI_IRQHandler                          0x00000125   Thumb Code     0  startup_m031series.o(.text)
    WDT_IRQHandler                           0x00000125   Thumb Code     0  startup_m031series.o(.text)
    __aeabi_uidiv                            0x00000151   Thumb Code     0  uidiv.o(.text)
    __aeabi_uidivmod                         0x00000151   Thumb Code    44  uidiv.o(.text)
    __aeabi_memcpy                           0x0000017d   Thumb Code    36  memcpya.o(.text)
    __aeabi_memcpy4                          0x0000017d   Thumb Code     0  memcpya.o(.text)
    __aeabi_memcpy8                          0x0000017d   Thumb Code     0  memcpya.o(.text)
    __aeabi_uldivmod                         0x000001a1   Thumb Code    96  uldiv.o(.text)
    __scatterload                            0x00000201   Thumb Code    28  init.o(.text)
    __scatterload_rt2                        0x00000201   Thumb Code     0  init.o(.text)
    __aeabi_llsl                             0x00000225   Thumb Code    32  llshl.o(.text)
    _ll_shift_l                              0x00000225   Thumb Code     0  llshl.o(.text)
    __aeabi_llsr                             0x00000245   Thumb Code    34  llushr.o(.text)
    _ll_ushift_r                             0x00000245   Thumb Code     0  llushr.o(.text)
    CLK_EnableModuleClock                    0x00000269   Thumb Code    40  clk.o(i.CLK_EnableModuleClock)
    CLK_EnableXtalRC                         0x00000299   Thumb Code    10  clk.o(i.CLK_EnableXtalRC)
    CLK_GetPCLK0Freq                         0x000002fd   Thumb Code    22  clk.o(i.CLK_GetPCLK0Freq)
    CLK_GetPCLK1Freq                         0x0000031d   Thumb Code    22  clk.o(i.CLK_GetPCLK1Freq)
    CLK_SetHCLK                              0x000003ed   Thumb Code    76  clk.o(i.CLK_SetHCLK)
    CLK_SetModuleClock                       0x0000043d   Thumb Code   102  clk.o(i.CLK_SetModuleClock)
    CLK_WaitClockReady                       0x000004ad   Thumb Code    34  clk.o(i.CLK_WaitClockReady)
    Compare                                  0x000004d9   Thumb Code    52  spi_transfer.o(i.Compare)
    GPIO_SetMode                             0x00000531   Thumb Code    40  gpio.o(i.GPIO_SetMode)
    Hard_Fault_Handler                       0x00000559   Thumb Code    16  retarget.o(i.Hard_Fault_Handler)
    I2C0_IRQHandler                          0x00000581   Thumb Code    36  i2c_transfer.o(i.I2C0_IRQHandler)
    I2C0_Init                                0x000005ad   Thumb Code    60  i2c_transfer.o(i.I2C0_Init)
    I2C_ClearTimeoutFlag                     0x00000611   Thumb Code    10  i2c.o(i.I2C_ClearTimeoutFlag)
    I2C_EnableInt                            0x0000061b   Thumb Code    10  i2c.o(i.I2C_EnableInt)
    I2C_GetBusClockFreq                      0x00000625   Thumb Code    30  i2c.o(i.I2C_GetBusClockFreq)
    I2C_Open                                 0x00000649   Thumb Code    66  i2c.o(i.I2C_Open)
    I2C_Rx_Write_To_SPI                      0x00000691   Thumb Code    70  i2c_transfer.o(i.I2C_Rx_Write_To_SPI)
    I2C_SetSlaveAddr                         0x00000735   Thumb Code    32  i2c.o(i.I2C_SetSlaveAddr)
    I2C_SlaveTRx                             0x00000755   Thumb Code   220  i2c_transfer.o(i.I2C_SlaveTRx)
    SPI0_Init                                0x000008a9   Thumb Code    48  spi_transfer.o(i.SPI0_Init)
    SPI_ClearRxFIFO                          0x000008e5   Thumb Code    12  spi.o(i.SPI_ClearRxFIFO)
    SPI_DisableAutoSS                        0x000008f1   Thumb Code    10  spi.o(i.SPI_DisableAutoSS)
    SPI_Open                                 0x000008fd   Thumb Code   262  spi.o(i.SPI_Open)
    SYS_Init                                 0x00000a19   Thumb Code   124  main.o(i.SYS_Init)
    SpiFlash_BlockErase64KB                  0x00000ac1   Thumb Code    88  spi_transfer.o(i.SpiFlash_BlockErase64KB)
    SpiFlash_NormalPageProgram               0x00000b1d   Thumb Code   110  spi_transfer.o(i.SpiFlash_NormalPageProgram)
    SpiFlash_NormalRead                      0x00000b95   Thumb Code    96  spi_transfer.o(i.SpiFlash_NormalRead)
    SpiFlash_ReadMidDid                      0x00000bfd   Thumb Code    74  spi_transfer.o(i.SpiFlash_ReadMidDid)
    SpiFlash_ReadStatusReg                   0x00000c4d   Thumb Code    46  spi_transfer.o(i.SpiFlash_ReadStatusReg)
    SpiFlash_WaitReady                       0x00000c81   Thumb Code    14  spi_transfer.o(i.SpiFlash_WaitReady)
    SystemCoreClockUpdate                    0x00000c91   Thumb Code   120  system_m031series.o(i.SystemCoreClockUpdate)
    SystemInit                               0x00000d25   Thumb Code    46  system_m031series.o(i.SystemInit)
    UART0_Init                               0x00000d5d   Thumb Code    38  main.o(i.UART0_Init)
    UART_Open                                0x00000d89   Thumb Code   198  uart.o(i.UART_Open)
    __0printf$5                              0x00000e6d   Thumb Code    24  printf5.o(i.__0printf$5)
    __1printf$5                              0x00000e6d   Thumb Code     0  printf5.o(i.__0printf$5)
    __2printf                                0x00000e6d   Thumb Code     0  printf5.o(i.__0printf$5)
    __scatterload_copy                       0x00000e8d   Thumb Code    14  handlers.o(i.__scatterload_copy)
    __scatterload_null                       0x00000e9b   Thumb Code     2  handlers.o(i.__scatterload_null)
    __scatterload_zeroinit                   0x00000e9d   Thumb Code    14  handlers.o(i.__scatterload_zeroinit)
    fputc                                    0x00001181   Thumb Code    12  retarget.o(i.fputc)
    main                                     0x0000118d   Thumb Code    90  main.o(i.main)
    gau32ClkSrcTbl                           0x000012d4   Data          32  system_m031series.o(.constdata)
    Region$$Table$$Base                      0x00001374   Number         0  anon$$obj.o(Region$$Table)
    Region$$Table$$Limit                     0x00001394   Number         0  anon$$obj.o(Region$$Table)
    SystemCoreClock                          0x20000000   Data           4  system_m031series.o(.data)
    CyclesPerUs                              0x20000004   Data           4  system_m031series.o(.data)
    PllClock                                 0x20000008   Data           4  system_m031series.o(.data)
    __stdout                                 0x2000000c   Data           4  retarget.o(.data)
    g_u8SlvDataLen                           0x20000010   Data           1  i2c_transfer.o(.data)
    g_au8SlvRxData                           0x20000011   Data           3  i2c_transfer.o(.data)
    slave_buff_addr                          0x20000020   Data           4  i2c_transfer.o(.data)
    g_au8SlvData                             0x20000024   Data         256  i2c_transfer.o(.bss)
    g_u8CompareData                          0x20000124   Data         256  i2c_transfer.o(.bss)
    __initial_sp                             0x20000428   Data           0  startup_m031series.o(STACK)



==============================================================================

Memory Map of the image

  Image Entry point : 0x000000f5

  Load Region LR_1 (Base: 0x00000000, Size: 0x000013b8, Max: 0xffffffff, ABSOLUTE)

    Execution Region ER_RO (Exec base: 0x00000000, Load base: 0x00000000, Size: 0x00001394, Max: 0xffffffff, ABSOLUTE)

    Exec Addr    Load Addr    Size         Type   Attr      Idx    E Section Name        Object

    0x00000000   0x00000000   0x000000c0   Data   RO          191    RESET               startup_m031series.o
    0x000000c0   0x000000c0   0x00000000   Code   RO         1222  * .ARM.Collect$$$$00000000  mc_p.l(entry.o)
    0x000000c0   0x000000c0   0x00000004   Code   RO         1490    .ARM.Collect$$$$00000001  mc_p.l(entry2.o)
    0x000000c4   0x000000c4   0x00000004   Code   RO         1493    .ARM.Collect$$$$00000004  mc_p.l(entry5.o)
    0x000000c8   0x000000c8   0x00000000   Code   RO         1495    .ARM.Collect$$$$00000008  mc_p.l(entry7b.o)
    0x000000c8   0x000000c8   0x00000000   Code   RO         1497    .ARM.Collect$$$$0000000A  mc_p.l(entry8b.o)
    0x000000c8   0x000000c8   0x00000008   Code   RO         1498    .ARM.Collect$$$$0000000B  mc_p.l(entry9a.o)
    0x000000d0   0x000000d0   0x00000004   Code   RO         1505    .ARM.Collect$$$$0000000E  mc_p.l(entry12b.o)
    0x000000d4   0x000000d4   0x00000000   Code   RO         1500    .ARM.Collect$$$$0000000F  mc_p.l(entry10a.o)
    0x000000d4   0x000000d4   0x00000000   Code   RO         1502    .ARM.Collect$$$$00000011  mc_p.l(entry11a.o)
    0x000000d4   0x000000d4   0x00000004   Code   RO         1491    .ARM.Collect$$$$00002712  mc_p.l(entry2.o)
    0x000000d8   0x000000d8   0x0000001c   Code   RO          358    .emb_text           retarget.o
    0x000000f4   0x000000f4   0x0000005c   Code   RO          192  * .text               startup_m031series.o
    0x00000150   0x00000150   0x0000002c   Code   RO         1223    .text               mc_p.l(uidiv.o)
    0x0000017c   0x0000017c   0x00000024   Code   RO         1225    .text               mc_p.l(memcpya.o)
    0x000001a0   0x000001a0   0x00000060   Code   RO         1506    .text               mc_p.l(uldiv.o)
    0x00000200   0x00000200   0x00000024   Code   RO         1519    .text               mc_p.l(init.o)
    0x00000224   0x00000224   0x00000020   Code   RO         1521    .text               mc_p.l(llshl.o)
    0x00000244   0x00000244   0x00000022   Code   RO         1523    .text               mc_p.l(llushr.o)
    0x00000266   0x00000266   0x00000002   PAD
    0x00000268   0x00000268   0x00000030   Code   RO          204    i.CLK_EnableModuleClock  clk.o
    0x00000298   0x00000298   0x00000010   Code   RO          207    i.CLK_EnableXtalRC  clk.o
    0x000002a8   0x000002a8   0x00000054   Code   RO          549    i.CLK_GetHCLKFreq   spi.o
    0x000002fc   0x000002fc   0x00000020   Code   RO          211    i.CLK_GetPCLK0Freq  clk.o
    0x0000031c   0x0000031c   0x00000020   Code   RO          212    i.CLK_GetPCLK1Freq  clk.o
    0x0000033c   0x0000033c   0x00000058   Code   RO          439    i.CLK_GetPLLClockFreq  uart.o
    0x00000394   0x00000394   0x00000058   Code   RO          550    i.CLK_GetPLLClockFreq  spi.o
    0x000003ec   0x000003ec   0x00000050   Code   RO          216    i.CLK_SetHCLK       clk.o
    0x0000043c   0x0000043c   0x00000070   Code   RO          217    i.CLK_SetModuleClock  clk.o
    0x000004ac   0x000004ac   0x0000002c   Code   RO          219    i.CLK_WaitClockReady  clk.o
    0x000004d8   0x000004d8   0x00000058   Code   RO         1137    i.Compare           spi_transfer.o
    0x00000530   0x00000530   0x00000028   Code   RO          709    i.GPIO_SetMode      gpio.o
    0x00000558   0x00000558   0x00000028   Code   RO          359    i.Hard_Fault_Handler  retarget.o
    0x00000580   0x00000580   0x0000002c   Code   RO         1083    i.I2C0_IRQHandler   i2c_transfer.o
    0x000005ac   0x000005ac   0x00000064   Code   RO         1084    i.I2C0_Init         i2c_transfer.o
    0x00000610   0x00000610   0x0000000a   Code   RO          739    i.I2C_ClearTimeoutFlag  i2c.o
    0x0000061a   0x0000061a   0x0000000a   Code   RO          744    i.I2C_EnableInt     i2c.o
    0x00000624   0x00000624   0x00000024   Code   RO          747    i.I2C_GetBusClockFreq  i2c.o
    0x00000648   0x00000648   0x00000048   Code   RO          751    i.I2C_Open          i2c.o
    0x00000690   0x00000690   0x000000a4   Code   RO         1085    i.I2C_Rx_Write_To_SPI  i2c_transfer.o
    0x00000734   0x00000734   0x00000020   Code   RO          760    i.I2C_SetSlaveAddr  i2c.o
    0x00000754   0x00000754   0x00000154   Code   RO         1086    i.I2C_SlaveTRx      i2c_transfer.o
    0x000008a8   0x000008a8   0x0000003c   Code   RO         1138    i.SPI0_Init         spi_transfer.o
    0x000008e4   0x000008e4   0x0000000c   Code   RO          560    i.SPI_ClearRxFIFO   spi.o
    0x000008f0   0x000008f0   0x0000000a   Code   RO          563    i.SPI_DisableAutoSS  spi.o
    0x000008fa   0x000008fa   0x00000002   PAD
    0x000008fc   0x000008fc   0x0000011c   Code   RO          570    i.SPI_Open          spi.o
    0x00000a18   0x00000a18   0x00000088   Code   RO          935    i.SYS_Init          main.o
    0x00000aa0   0x00000aa0   0x00000020   Code   RO          361    i.SendChar          retarget.o
    0x00000ac0   0x00000ac0   0x0000005c   Code   RO         1140    i.SpiFlash_BlockErase64KB  spi_transfer.o
    0x00000b1c   0x00000b1c   0x00000078   Code   RO         1142    i.SpiFlash_NormalPageProgram  spi_transfer.o
    0x00000b94   0x00000b94   0x00000068   Code   RO         1143    i.SpiFlash_NormalRead  spi_transfer.o
    0x00000bfc   0x00000bfc   0x00000050   Code   RO         1144    i.SpiFlash_ReadMidDid  spi_transfer.o
    0x00000c4c   0x00000c4c   0x00000034   Code   RO         1145    i.SpiFlash_ReadStatusReg  spi_transfer.o
    0x00000c80   0x00000c80   0x0000000e   Code   RO         1147    i.SpiFlash_WaitReady  spi_transfer.o
    0x00000c8e   0x00000c8e   0x00000002   PAD
    0x00000c90   0x00000c90   0x00000094   Code   RO            3    i.SystemCoreClockUpdate  system_m031series.o
    0x00000d24   0x00000d24   0x00000038   Code   RO            4    i.SystemInit        system_m031series.o
    0x00000d5c   0x00000d5c   0x0000002c   Code   RO          936    i.UART0_Init        main.o
    0x00000d88   0x00000d88   0x000000e4   Code   RO          446    i.UART_Open         uart.o
    0x00000e6c   0x00000e6c   0x00000020   Code   RO         1362    i.__0printf$5       mc_p.l(printf5.o)
    0x00000e8c   0x00000e8c   0x0000000e   Code   RO         1533    i.__scatterload_copy  mc_p.l(handlers.o)
    0x00000e9a   0x00000e9a   0x00000002   Code   RO         1534    i.__scatterload_null  mc_p.l(handlers.o)
    0x00000e9c   0x00000e9c   0x0000000e   Code   RO         1535    i.__scatterload_zeroinit  mc_p.l(handlers.o)
    0x00000eaa   0x00000eaa   0x00000002   PAD
    0x00000eac   0x00000eac   0x000002d4   Code   RO         1369    i._printf_core      mc_p.l(printf5.o)
    0x00001180   0x00001180   0x0000000c   Code   RO          365    i.fputc             retarget.o
    0x0000118c   0x0000118c   0x000000a0   Code   RO          937    i.main              main.o
    0x0000122c   0x0000122c   0x000000a8   Code   RO          367    i.stackDump         retarget.o
    0x000012d4   0x000012d4   0x00000020   Data   RO            5    .constdata          system_m031series.o
    0x000012f4   0x000012f4   0x00000038   Data   RO          220    .constdata          clk.o
    0x0000132c   0x0000132c   0x00000048   Data   RO          454    .constdata          uart.o
    0x00001374   0x00001374   0x00000020   Data   RO         1531    Region$$Table       anon$$obj.o


    Execution Region ER_RW (Exec base: 0x20000000, Load base: 0x00001394, Size: 0x00000024, Max: 0xffffffff, ABSOLUTE)

    Exec Addr    Load Addr    Size         Type   Attr      Idx    E Section Name        Object

    0x20000000   0x00001394   0x0000000c   Data   RW            6    .data               system_m031series.o
    0x2000000c   0x000013a0   0x00000004   Data   RW          368    .data               retarget.o
    0x20000010   0x000013a4   0x00000014   Data   RW         1088    .data               i2c_transfer.o


    Execution Region ER_ZI (Exec base: 0x20000024, Load base: 0x000013b8, Size: 0x00000404, Max: 0xffffffff, ABSOLUTE)

    Exec Addr    Load Addr    Size         Type   Attr      Idx    E Section Name        Object

    0x20000024        -       0x00000200   Zero   RW         1087    .bss                i2c_transfer.o
    0x20000224   0x000013b8   0x00000004   PAD
    0x20000228        -       0x00000200   Zero   RW          189    STACK               startup_m031series.o


==============================================================================

Image component sizes


      Code (inc. data)   RO Data    RW Data    ZI Data      Debug   Object Name

       364         58         56          0          0       4933   clk.o
        40          0          0          0          0       1063   gpio.o
       160         12          0          0          0       3491   i2c.o
       648        262          0         20        512       9967   i2c_transfer.o
       340         88          0          0          0      33939   main.o
       280        132          0          4          0       4851   retarget.o
       478         54          0          0          0       4161   spi.o
       610         82          0          0          0       4723   spi_transfer.o
        92         42        192          0        512        744   startup_m031series.o
       204         38         32         12          0      85999   system_m031series.o
       316         48         72          0          0       2220   uart.o

    ----------------------------------------------------------------------
      3536        816        384         36       1028     156091   Object Totals
         0          0         32          0          0          0   (incl. Generated)
         4          0          0          0          4          0   (incl. Padding)

    ----------------------------------------------------------------------

      Code (inc. data)   RO Data    RW Data    ZI Data      Debug   Library Member Name

         0          0          0          0          0          0   entry.o
         0          0          0          0          0          0   entry10a.o
         0          0          0          0          0          0   entry11a.o
         4          0          0          0          0          0   entry12b.o
         8          4          0          0          0          0   entry2.o
         4          0          0          0          0          0   entry5.o
         0          0          0          0          0          0   entry7b.o
         0          0          0          0          0          0   entry8b.o
         8          4          0          0          0          0   entry9a.o
        30          0          0          0          0          0   handlers.o
        36          8          0          0          0         68   init.o
        32          0          0          0          0         68   llshl.o
        34          0          0          0          0         68   llushr.o
        36          0          0          0          0         60   memcpya.o
       756         52          0          0          0        168   printf5.o
        44          0          0          0          0         72   uidiv.o
        96          0          0          0          0         84   uldiv.o

    ----------------------------------------------------------------------
      1092         68          0          0          0        588   Library Totals
         4          0          0          0          0          0   (incl. Padding)

    ----------------------------------------------------------------------

      Code (inc. data)   RO Data    RW Data    ZI Data      Debug   Library Name

      1088         68          0          0          0        588   mc_p.l

    ----------------------------------------------------------------------
      1092         68          0          0          0        588   Library Totals

    ----------------------------------------------------------------------

==============================================================================


      Code (inc. data)   RO Data    RW Data    ZI Data      Debug   

      4628        884        384         36       1028     154799   Grand Totals
      4628        884        384         36       1028     154799   ELF Image Totals
      4628        884        384         36          0          0   ROM Totals

==============================================================================

    Total RO  Size (Code + RO Data)                 5012 (   4.89kB)
    Total RW  Size (RW Data + ZI Data)              1064 (   1.04kB)
    Total ROM Size (Code + RO Data + RW Data)       5048 (   4.93kB)

==============================================================================

